't Bolwerk
't Huis aan de Vecht
't Lange Land Ziekenhuis
't Oude Landt
't Zand
7nP
ADHD Centraal
AMC
ASVZ
Abrona
Academisch Medisch Centrum
Academisch Sportmedisch Centrum
Academisch Ziekenhuis Maastricht
Academisch Ziekenhuis Utrecht
Admiraal De Ruyter Ziekenhuis
Aesopus
Afdeling Dolfijn
Afdeling Panda 1
Afdeling Panda 2
Albert Schweitzer Ziekenhuis
Albert van Koningsbruggen
Alexander Monro
AllerZorg
Altaconsult
Altrecht
Altrecht locatie Centrum Maliebaan
Amandelboom
Amandelhof
Amaris De Amerhorst
Ambulante Begeleiding Het Spectrum
Amphia Ziekenhuis
Ander Ziekenhuis
Angio van Carotiss
Antes
Antonius Zorggroep
Antroposofisch Verpleeghuis
Arcohove
Arta Projecten
Artemis
Atrium Medisch Centrum
Aveant
Aventurijn
Axion Voorhoevehuis
BW Ommoord
Baantraject Care en Preventie
Barents en Broekhuis Psychotherapeuten
Barthimeushage
Bartholomeus Gasthuis
Bartimeus
Bartimeushage
Bavo
Bavo Europoort
Bedrijfsbureau
Bergkwartier
Bernhard Lievegoed Kliniek
Bethesda
Beukenstein
Biltse Hof
Birkhoven
Birkhoven Zorggoed
Blom Stichting
Bontenbal
Bosman Geestelijke Gezondheidszorg
Bouman
BovenIJ Ziekenhuis
Bovenwegen
Breedstraat
Brijder
Bunninchem
Burgemeester van Randwijckhuis
Burgerziekenhuis
Burn Out
Buurtzorg Nederland
Bynkershoek
CMD
Canisius Wilhelmina Ziekenhuis
Careijn
Careyn Zorgcentrum
Cascade
Catharina Ziekenhuis
Cavent
Centraal Militair Hospitaal
Centraal Militair Hospitaal Bacteriologie
Centrum Dubbele Problematiek
Centrum Vaartserijn
Chiron Corporation Study
Chris Sanatorium
Civilian Medical Care
Clientgelden
Clientengelden
Clinica Roks
Clotscher
Companion Diagnostics
Crusada
Cyt Universitair
DC zorg op Tijd
Daelsche Hoek
Dame Menkveld
Das Studie
De Aa
De Akker
De Amandelhof
De Amerpoort
De Batau
De Berk
De Bijnkershoek
De Biltse Grift
De Blinkert
De Bongerd
De Bremhorst
De Bron
De Bundeling
De Dertiende Maan
De Doorslag
De Drie Uilen
De Geinsche Hof
De Gulden Snede
De Heem
De Heijgraeff
De Heuvelrug
De Heygraeff
De Hondspol
De Hoogstraat
De Horizon
De Kei
De Koperhorst
De Koperwiek
De Lichtenberch
De Lichtenberg
De Liendert
De Looborch
De Mirtehof
De Parkgraaf
De Tjongerschans
De Trappenberg
De Tusenvoorziening
De Tussenvoorziening
De Viken
De Vuurdoorn
De Waag
De Wartburg
De Weiderij
De Wielewaal
De Wijngaard
De Wiltzangk
De Wyngaard
De Zwaluw
Dedoensserre
Delta
Delta PC
Delta Psychiatrisch Centrum
Demisal Communicatie
Demuwahu
Dencor Company
Dennendal
Dermalink
Dermis
Diaconessenhuis Leiden
Diakonessenhuis
Diamuraal
Dianet
Dijkzigt
Do Care Nederland
Dokkum
Dongemond St Theresia
Dr Fs Meijers Instituut
Dr Henri van der Hoeven Kliniek
Dreeslaan
Drie Ringen
Drs H Pekelharing
Dysselhofkliniek
Eerstelijns Behandelcentra
Eleos
Elkerliek Ziekenhuis
Erasmus Medisch Centrum
Europoort
Ewoud Gasthuis
Eyescan
FS Meyersinstituut
Fidalelfia Zorgverlening
Finspong
Flevoziekenhuis
Focus Cura Telezorg
Fonteynenburg
Franciscus Ziekenhuis
GGZ Centraal
GVT Damhert
GVT De Opbouw
GVT De Reiger
GVT Faros
Geinsche Hof
Gelre Ziekenhuizen
Gezonde Geest
Groede Hoeve
Groene Hart Ziekenhuis
Groot Gelre
HBank
HSK
Hallefors
Haltna
Hart En Vaatgroep
Hart voor Nederland
Harting Bank
Havenziekenhuis
Heart For Health
Heartlife
Heimerstein
Helen Dowling Instituut
Het Centrum
Het Helen Dowling Instituut
Het Houtens Erf
Het Sinai Centrum
Het geloof in 't Hart
Heuvelrug
Hofman La Roche
Hogerzeil
Hondspol
Hoofdpijnpolikliniek
Houtenserf
Huis Van Bewaring Nieuwersluis
Huize De Vossenschans
Huize Het Oosten
Huize Salvia
Huize Sonneheerdt
Huize Valkenbosch
Hymans Van Den Bergh
IBT Haaglanden
IJsselland Ziekenhuis
IKMN
IKS
Ikazia Ziekenhuis
Illuminatus
Ingelanden
Intbrein
Intermedicare
Interzorg Regulier
Ipsy
Isala Klinieken
Isselwaerde
Jan Arends
Jan Arends GGZ
Janivo
Jeroen Bosch Ziekenhuis
Joost Zorgt Nederland
Jozefzorg
Julius Centrum
Julius Gezondheidscentra
Juliuscentrum
Jutters
KAG Zorg
KBO Agnietenhove
KCAP
Kampstichting
Karma Health Care
Kennemer Gasthuis
Kentalis Zorg
KidzTower
Kijvelanden
Kinderurologie
Klavertje Vier
Knoopkazerne
Koningsbruggen
Krisiscentrum
Krommerijnhof
Kwintes
Laurentius Ziekenhuis
Leendert Meeshuis
Leiblum
Leids Universitair Medisch Centrum
Levensverz
Lisiduinahof
Locum Ga
MC Groep
MCA Gemini Groep
Maartenskliniek
Maasstad ziekenhuis
Magenta
Makhan Reintegratie en Mediation
Maliebaan
Mapta
Maria Dommer
Mariaoord
Marienstein
Marine Hospitaal
Martini Ziekenhuis
Mauritskliniek
Max Ernst
Maxima Medisch Centrum
Meander Medisch Centrum
Medicare Haaglanden
Medicasa
Medisch Centrum Amstelveen
Medisch Centrum Haaglanden
Medisch Spectrum Twente
Medtzorg
Mentaal Beter
Merenhoef
Mesos
Mesos Medisch Centrum
MFC Spijkenisse
Mggz Utrecht
MiCasa
Militair Geestelijke Gezondheidszorg
Miroya
Montas ordening en coaching
Muiderpoort
Multi Maatzorg
Multiculturele Dagverzorging
NKCV
NOAGG
Nassau Odijckhof
Nassau Odyckhof
Nedereind
Nedzorg Woerden
Nij Smellinghe
Nijenheim
Nijenstede
Nijevelt
Nijho
Oikos
Ommelander Ziekenhuisgroep
Onderzoek Metab
Onze Lieve Vrouwe Gasthuis
Oogheelkunde Centrum Visie
Oogkliniek
Oosten
Orbis Medisch en Zorgconcern
Palier
Pameijer
Pamijerstichting
Pameyer
Pamijer
Pantein
Parnassia
Pasana Zorggroep
Pedagogen Psychologen Praktijk Salm en Martin
Petrus Werthweyn
Philadelphia Zorg
Pieter Baan Centrum
Plantage
Poortmolen
Preventicon
Prinses Maxima Centrum
PrivaZorg
PrivaZorg AWBZ
Profzorg
PsyQ
PsyQ Utrecht BV
Psych.afdeling Militair Hospitaal
Quarijn
Quintes
RIAGG Eleos
RIBW Beschermende Woonvormen
RIBW Eleos
RIBW Leger des Heils
RIVM
Rapsydie
Reakt
Rehoboth
Reinaerde
Rijnland Ziekenhuis
Rivas Zorggroep
Rivm
Rode Kruis Ziekenhuis
Rosendael
Roubos
Rumke Groep
Ruwaard Van Putten Ziekenhuis
S Heeren Loo
STAGG
STN Zorg
Sabu Huis
Saltro
Samenzorg Diensten
Saxenburgh Groep
Schakenbosch
Schoorel
Seracosa
Sherpa
Sherpa Dieze
Sigma zorg
Sinai
Sinai-centrum
Singelzicht
Sint Franciscus
Skippy
Slingeland Ziekenhuis
Slotervaartziekenhuis
Snavelenburg
Solide Zorg
Sonneburgh Ravenswaard
Sonneheerdt
Spaarne Ziekenhuis
Sparrenheide
Spechtenkamp
Sprink
St Continu
St Clientengelden Albrandswaard
St Warande
St. Anna Zorggroep
St. Antonius Ziekenhuis
St. Eemland
St. Elisabeth
St. Elisabeth Ziekenhuis
St. Flexicare
St. Intermedicare Eemland
St. Jans Gasthuis
St Joris Gasthuis
St. Lucas Andreas Ziekenhuis
St. Pieters en Blokland
Stade
Steenplaat
Stenia
Sticht Leidse
Stichting Bronovo Nebo
Stichting Deventer Ziekenhuisgroep
Stichting Reinier Haga Groep
Stichting Rijnstate
Stichting Ziekenhuis Lievensberg
Stichting het Van Weel Bethesda Ziekenhuis
Stoute Schoenen
Stratenum
Streekziekenhuis Koningin Beatrix
Studie Amgen
Symfora Groep
Symforameander
Tamarinde
Temozolomide
Tergooiziekenhuizen
Theater Totaal
Thuishulp Zorgzaam
Thuiszorgservice Nederland
Timon
Titan
Tolsteeg
Trajectum Novum
Transferium
Transwijk
Trial Begut
Trombose Dienst
TweeSteden ziekenhuis
UMC
UMC Utrecht
UMCU
Universitair Medisch Centrum Groningen
Universitair Medisch Centrum St. Radboud
Universitair Medisch Centrum Utrecht
Universiteit Utrecht
Upper Room
VU Medisch Centrum
Van Gasselt
Van Tellingen
Vecht En Zaan
Vela
Veldheim
Verpleeghuis De Biltse Hof
Verzorgingshuis Vreeswyk
Victas
VieCuri Medisch Centrum
VieJa
Viersprong
Viken
Villa Hooghe Heide
Vitras
Vliegbasis Soesterberg
Vlietland Groep
Voordorp
Voorhoeve
Vredenoord
Vrederust
Vreeland
Vreeswijk
Vroeg Determinanten
WZC Veldhof
Warande
Waterlandziekenhuis
Weddesteijn
Weddesteyn
Weerdsingel
Weids
WelCom Careshop
Welcom careshop
Weltevreden
Westeinde
Westfries Gasthuis
Widar
Wilhelmina Kinderziekenhuis
Wilhelmina Ziekenhuis Assen
Willem Arntsz
Wolfshoek
Woodstock
Woonnet Rijnmond
Xpert Clinic
Yulius
Zaans Medisch Centrum
Zeisterwoude Extra Murale Zorg
Zeylmanns V Emmichovenkliniek
Ziekenhuis Amstelland
Ziekenhuis Bernhoven
Ziekenhuis De Gelderse Vallei
Ziekenhuis Rivierenland
Ziekenhuis St. Jansdal
Ziekenhuisgroep Twente
Zon En Schild
Zonnehuis
Zonnehuizen
Zonnehuizen Kind en Jeugd
Zonnehuizen Veldheim
Zorg Thuis
ZorgBewust
ZorgSaam Zeeuws Vlaanderen
Zorgcombinatie Noorderboog
Zorgconcept
Zorggarant
Zorggroep Leveste Middenveld
Zorginstelling Together
Zorgmeesters
Zorgnet Thuisbest
Zorgpalet
Zorgpartners Friesland
Zuilenstein
Zuwe
Zuwe Hofpoort
Zuwe Hofpoort Ziekenhuis
Zuwe Zorg
Zuwe zorg
Zuylenstede
abc
altrecht senior
antonius
antonius zkh
aventurijn
aventurijn wier
b-open
be open
bernard lievegoed kliniek
bosmanggz
brinkwal
bureau paardeveld
care for change
de Heuvelrug
de bascule
de enk
de evenaar
de keerkring
de passie
dinsele
eikeboom
fornhese
gelderse vallei
geynwijs
herlaarhof
hospice de Reiziger
intermetzo
ipg
jeugdzorg
karakter
leo kannerhuis
lijn 5
marina de wolf
mauritzhof
meander
molemann
molemann tielens
paardeveld
pro persona
psycho informa groep
psychosomatiek eikeboom
psymens
psytrecht
redl
redl school
redl-school
redlschool
reinarde
ribw
rintveld
rivierduinen
samen veilig
save
sbo
sbo kristal
sbwu
st. antonius
stichting geynwijs
tergooi
tergooi ziekenhuis
uwv
virenze
vosseveld
wellant
wellantcollege
wier
wij 3.0
youk
