'S
'T
's
't
Aan 't
Aan de
Aan den
Aan der
Aan het
Aan t
Am
Am de
Auf
Auf dem
Auf den
Auf der
Auf ter
Aus 'm
Aus dem
Aus den
Aus der
Aus m
Bij 't
Bij de
Bij den
Bij het
Bij t
Bin
Boven d
Boven d'
D'
Da
Dal
Dal'
Dalla
Das
De die
De l
De l'
De la
De las
De le
Deca
Degli
Dei
Del
Della
Den
Der
Des
Di
Die le
Do
Don
Dos
Du
El
Het
Im
In 't
In de
In den
In der
In het
In t
L'
La
Las
Le
Les
Los
Onder
Onder 't
Onder de
Onder den
Onder het
Onder t
Op 't
Op de
Op den
Op der
Op gen
Op het
Op t
Op ten
Over 't
Over de
Over den
Over het
Over t
S'
Te
Ten
Ter
Tho
Thoe
Thor
Uijt
Uijt 't
Uijt de
Uijt den
Uijt ten
Uit 't
Uit de
Uit den
Uit het
Uit t
Uit ten
Unter
Van
Van 't
Van Den
Van Der
Van de
Van den
Van der
Van gen
Van het
Van la
Van t
Van ter
Vom
Von
Von 't
Von dem
Von den
Von der
Von t
Voor 't
Voor de
Voor den
Vor
Vor der
Zu
Zum
Zur
aan 't
aan de
aan den
aan der
aan het
aan t
am
am de
auf
auf dem
auf den
auf der
auf ter
aus 'm
aus dem
aus den
aus der
aus m
bij 't
bij de
bij den
bij het
bij t
bin
boven d
boven d'
d'
da
dal
dal'
dalla
das
de
de die
de l
de l'
de la
de las
de le
deca
degli
dei
del
della
den
der
des
di
die le
do
don
dos
du
el
het
im
in 't
in de
in den
in der
in het
in t
l'
la
las
le
les
los
onder
onder 't
onder de
onder den
onder het
onder t
op 't
op de
op den
op der
op gen
op het
op t
op ten
over 't
over de
over den
over het
over t
s'
ten
ter
tho
thoe
thor
uijt
uijt 't
uijt de
uijt den
uijt ten
uit 't
uit de
uit den
uit het
uit t
uit ten
unter
v
v.
v.d.
v/d
van
van 't
van De
van de
van den
van der
van gen
van het
van la
van t
van ter
vd
vd.
vom
von
von 't
von dem
von den
von der
von t
voor 't
voor de
voor den
vor
vor der
zu
zum
zur
